../Core/Src/main.c:83:5:main	8	static
../Core/Src/main.c:145:6:SystemClock_Config	88	static
../Core/Src/main.c:185:13:MX_ADC1_Init	24	static
../Core/Src/main.c:229:13:MX_TIM1_Init	96	static
../Core/Src/main.c:300:13:MX_USART1_UART_Init	8	static
../Core/Src/main.c:331:13:MX_GPIO_Init	32	static
../Core/Src/main.c:357:6:printf_uart	16	static
../Core/Src/main.c:360:6:read_ADC	8	static
../Core/Src/main.c:448:6:HAL_ADC_ConvCpltCallback	128	static
../Core/Src/main.c:494:6:HAL_TIM_PWM_PulseFinishedCallback	72	static
../Core/Src/main.c:524:6:Error_Handler	4	static,ignoring_inline_asm
