../Core/Src/main.c:83:5:main	8	static
../Core/Src/main.c:139:6:SystemClock_Config	88	static
../Core/Src/main.c:179:13:MX_ADC1_Init	24	static
../Core/Src/main.c:223:13:MX_TIM1_Init	96	static
../Core/Src/main.c:294:13:MX_USART1_UART_Init	8	static
../Core/Src/main.c:325:13:MX_GPIO_Init	32	static
../Core/Src/main.c:351:6:printf_uart	16	static
../Core/Src/main.c:354:6:read_ADC	24	static
../Core/Src/main.c:371:6:control	64	static
../Core/Src/main.c:487:6:HAL_TIM_PWM_PulseFinishedCallback	72	static
../Core/Src/main.c:514:6:Error_Handler	4	static,ignoring_inline_asm
